// Jest Snapshot v1, https://goo.gl/fbAQLP

exports[`Loading should match the snapshot with all data passed in correctly 1`] = `
ShallowWrapper {
  Symbol(enzyme.__root__): [Circular],
  Symbol(enzyme.__unrendered__): <ErrorPage
    returnToSite={[MockFunction]}
  />,
  Symbol(enzyme.__renderer__): Object {
    "batchedUpdates": [Function],
    "getNode": [Function],
    "render": [Function],
    "simulateError": [Function],
    "simulateEvent": [Function],
    "unmount": [Function],
  },
  Symbol(enzyme.__node__): Object {
    "instance": null,
    "key": undefined,
    "nodeType": "host",
    "props": Object {
      "children": Array [
        <h1>
          OOPS!
        </h1>,
        <h2>
          An unexpected error occurred...
        </h2>,
        <button
          className="return-to-site-btn"
          onClick={[Function]}
        >
          Return to Site
        </button>,
      ],
      "className": "error-page-container",
    },
    "ref": null,
    "rendered": Array [
      Object {
        "instance": null,
        "key": undefined,
        "nodeType": "host",
        "props": Object {
          "children": "OOPS!",
        },
        "ref": null,
        "rendered": "OOPS!",
        "type": "h1",
      },
      Object {
        "instance": null,
        "key": undefined,
        "nodeType": "host",
        "props": Object {
          "children": "An unexpected error occurred...",
        },
        "ref": null,
        "rendered": "An unexpected error occurred...",
        "type": "h2",
      },
      Object {
        "instance": null,
        "key": undefined,
        "nodeType": "host",
        "props": Object {
          "children": "Return to Site",
          "className": "return-to-site-btn",
          "onClick": [Function],
        },
        "ref": null,
        "rendered": "Return to Site",
        "type": "button",
      },
    ],
    "type": "div",
  },
  Symbol(enzyme.__nodes__): Array [
    Object {
      "instance": null,
      "key": undefined,
      "nodeType": "host",
      "props": Object {
        "children": Array [
          <h1>
            OOPS!
          </h1>,
          <h2>
            An unexpected error occurred...
          </h2>,
          <button
            className="return-to-site-btn"
            onClick={[Function]}
          >
            Return to Site
          </button>,
        ],
        "className": "error-page-container",
      },
      "ref": null,
      "rendered": Array [
        Object {
          "instance": null,
          "key": undefined,
          "nodeType": "host",
          "props": Object {
            "children": "OOPS!",
          },
          "ref": null,
          "rendered": "OOPS!",
          "type": "h1",
        },
        Object {
          "instance": null,
          "key": undefined,
          "nodeType": "host",
          "props": Object {
            "children": "An unexpected error occurred...",
          },
          "ref": null,
          "rendered": "An unexpected error occurred...",
          "type": "h2",
        },
        Object {
          "instance": null,
          "key": undefined,
          "nodeType": "host",
          "props": Object {
            "children": "Return to Site",
            "className": "return-to-site-btn",
            "onClick": [Function],
          },
          "ref": null,
          "rendered": "Return to Site",
          "type": "button",
        },
      ],
      "type": "div",
    },
  ],
  Symbol(enzyme.__options__): Object {
    "adapter": ReactSixteenAdapter {
      "options": Object {
        "enableComponentDidUpdateOnSetState": true,
        "lifecycles": Object {
          "componentDidUpdate": Object {
            "onSetState": true,
          },
          "getDerivedStateFromProps": true,
          "getSnapshotBeforeUpdate": true,
          "setState": Object {
            "skipsComponentDidUpdateOnNullish": true,
          },
        },
      },
    },
  },
}
`;
